[0m20:39:58.231710 [debug] [MainThread]: Sending event: {'category': 'dbt', 'action': 'invocation', 'label': 'start', 'context': [<snowplow_tracker.self_describing_json.SelfDescribingJson object at 0x762a04e46c10>, <snowplow_tracker.self_describing_json.SelfDescribingJson object at 0x762a04f04dd0>, <snowplow_tracker.self_describing_json.SelfDescribingJson object at 0x762a04de3b50>]}


============================== 20:39:58.246656 | 78f4791d-65dc-4178-83d6-dac295efd185 ==============================
[0m20:39:58.246656 [info ] [MainThread]: Running with dbt=1.11.7
[0m20:39:58.248714 [debug] [MainThread]: running dbt with arguments {'debug': 'False', 'log_path': 'logs', 'log_cache_events': 'False', 'write_json': 'True', 'target_path': 'None', 'warn_error': 'None', 'partial_parse': 'True', 'log_format': 'default', 'invocation_command': 'dbt debug', 'profiles_dir': '/home/vscode/.dbt', 'send_anonymous_usage_stats': 'True', 'introspect': 'True', 'no_print': 'None', 'empty': 'None', 'fail_fast': 'False', 'use_experimental_parser': 'False', 'printer_width': '80', 'use_colors': 'True', 'cache_selected_only': 'False', 'version_check': 'True', 'static_parser': 'True', 'warn_error_options': 'WarnErrorOptionsV2(error=[], warn=[], silence=[])', 'indirect_selection': 'eager', 'quiet': 'False'}
[0m20:39:58.270235 [info ] [MainThread]: dbt version: 1.11.7
[0m20:39:58.272698 [info ] [MainThread]: python version: 3.11.15
[0m20:39:58.275196 [info ] [MainThread]: python path: /home/vscode/.cache/pypoetry/virtualenvs/twitter-sentiment-trading-strategy-QyUpulx_-py3.11/bin/python
[0m20:39:58.276946 [info ] [MainThread]: os info: Linux-6.6.87.2-microsoft-standard-WSL2-x86_64-with-glibc2.41
[0m20:39:58.452996 [info ] [MainThread]: Using profiles dir at /home/vscode/.dbt
[0m20:39:58.454636 [info ] [MainThread]: Using profiles.yml file at /home/vscode/.dbt/profiles.yml
[0m20:39:58.455932 [info ] [MainThread]: Using dbt_project.yml file at /workspaces/Twitter-Sentiment-Trading-Strategy/dbt_project.yml
[0m20:39:58.458637 [info ] [MainThread]: adapter type: duckdb
[0m20:39:58.460079 [info ] [MainThread]: adapter version: 1.10.1
[0m20:39:58.462222 [info ] [MainThread]: Configuration:
[0m20:39:58.464721 [info ] [MainThread]:   profiles.yml file [[32mOK found and valid[0m]
[0m20:39:58.468693 [info ] [MainThread]:   dbt_project.yml file [[31mERROR not found[0m]
[0m20:39:58.471093 [info ] [MainThread]: Required dependencies:
[0m20:39:58.473923 [debug] [MainThread]: Executing "git --help"
[0m20:39:58.482139 [debug] [MainThread]: STDOUT: "b"usage: git [-v | --version] [-h | --help] [-C <path>] [-c <name>=<value>]\n           [--exec-path[=<path>]] [--html-path] [--man-path] [--info-path]\n           [-p | --paginate | -P | --no-pager] [--no-replace-objects] [--no-lazy-fetch]\n           [--no-optional-locks] [--no-advice] [--bare] [--git-dir=<path>]\n           [--work-tree=<path>] [--namespace=<name>] [--config-env=<name>=<envvar>]\n           <command> [<args>]\n\nThese are common Git commands used in various situations:\n\nstart a working area (see also: git help tutorial)\n   clone      Clone a repository into a new directory\n   init       Create an empty Git repository or reinitialize an existing one\n\nwork on the current change (see also: git help everyday)\n   add        Add file contents to the index\n   mv         Move or rename a file, a directory, or a symlink\n   restore    Restore working tree files\n   rm         Remove files from the working tree and from the index\n\nexamine the history and state (see also: git help revisions)\n   bisect     Use binary search to find the commit that introduced a bug\n   diff       Show changes between commits, commit and working tree, etc\n   grep       Print lines matching a pattern\n   log        Show commit logs\n   show       Show various types of objects\n   status     Show the working tree status\n\ngrow, mark and tweak your common history\n   backfill   Download missing objects in a partial clone\n   branch     List, create, or delete branches\n   commit     Record changes to the repository\n   merge      Join two or more development histories together\n   rebase     Reapply commits on top of another base tip\n   reset      Set `HEAD` or the index to a known state\n   switch     Switch branches\n   tag        Create, list, delete or verify tags\n\ncollaborate (see also: git help workflows)\n   fetch      Download objects and refs from another repository\n   pull       Fetch from and integrate with another repository or a local branch\n   push       Update remote refs along with associated objects\n\n'git help -a' and 'git help -g' list available subcommands and some\nconcept guides. See 'git help <command>' or 'git help <concept>'\nto read about a specific subcommand or concept.\nSee 'git help git' for an overview of the system.\n""
[0m20:39:58.485304 [debug] [MainThread]: STDERR: "b''"
[0m20:39:58.487350 [info ] [MainThread]:  - git [[32mOK found[0m]

[0m20:39:58.489490 [info ] [MainThread]: Connection:
[0m20:39:58.491726 [info ] [MainThread]:   database: sentiment
[0m20:39:58.493476 [info ] [MainThread]:   schema: main
[0m20:39:58.496662 [info ] [MainThread]:   path: data/processed/sentiment.duckdb
[0m20:39:58.499907 [info ] [MainThread]:   config_options: None
[0m20:39:58.504061 [info ] [MainThread]:   extensions: None
[0m20:39:58.507681 [info ] [MainThread]:   settings: {}
[0m20:39:58.509832 [info ] [MainThread]:   external_root: .
[0m20:39:58.511729 [info ] [MainThread]:   use_credential_provider: None
[0m20:39:58.513567 [info ] [MainThread]:   attach: None
[0m20:39:58.515909 [info ] [MainThread]:   filesystems: None
[0m20:39:58.519881 [info ] [MainThread]:   remote: None
[0m20:39:58.522060 [info ] [MainThread]:   plugins: None
[0m20:39:58.524680 [info ] [MainThread]:   disable_transactions: False
[0m20:39:58.527423 [info ] [MainThread]: Registered adapter: duckdb=1.10.1
[0m20:39:58.816937 [debug] [MainThread]: Acquiring new duckdb connection 'debug'
[0m20:39:58.902394 [debug] [MainThread]: Using duckdb connection "debug"
[0m20:39:58.904015 [debug] [MainThread]: On debug: select 1 as id
[0m20:39:58.905413 [debug] [MainThread]: Opening a new connection, currently in state init
[0m20:39:58.982036 [debug] [MainThread]: SQL status: OK in 0.077 seconds
[0m20:39:58.986251 [debug] [MainThread]: On debug: Close
[0m20:39:58.988315 [info ] [MainThread]:   Connection test: [[32mOK connection ok[0m]

[0m20:39:58.990001 [info ] [MainThread]: [31m1 check failed:[0m
[0m20:39:58.991709 [info ] [MainThread]: Project loading failed for the following reason:
 project path </workspaces/Twitter-Sentiment-Trading-Strategy/dbt_project.yml> not found

[0m20:39:58.994368 [debug] [MainThread]: Resource report: {"command_name": "debug", "command_success": false, "command_wall_clock_time": 0.84490746, "process_in_blocks": "552", "process_kernel_time": 1.077962, "process_mem_max_rss": "147640", "process_out_blocks": "0", "process_user_time": 3.683713}
[0m20:39:58.996507 [debug] [MainThread]: Command `dbt debug` failed at 20:39:58.996137 after 0.85 seconds
[0m20:39:58.998946 [debug] [MainThread]: Connection 'debug' was properly closed.
[0m20:39:59.002400 [debug] [MainThread]: Sending event: {'category': 'dbt', 'action': 'invocation', 'label': 'end', 'context': [<snowplow_tracker.self_describing_json.SelfDescribingJson object at 0x762a097f4e50>, <snowplow_tracker.self_describing_json.SelfDescribingJson object at 0x762a04d309d0>, <snowplow_tracker.self_describing_json.SelfDescribingJson object at 0x762a04d33150>]}
[0m20:39:59.005778 [debug] [MainThread]: Flushing usage events
[0m20:39:59.410862 [debug] [MainThread]: An error was encountered while trying to flush usage events
