[0m16:34:16.894898 [debug] [MainThread]: Sending event: {'category': 'dbt', 'action': 'invocation', 'label': 'start', 'context': [<snowplow_tracker.self_describing_json.SelfDescribingJson object at 0x76575b4d2f10>, <snowplow_tracker.self_describing_json.SelfDescribingJson object at 0x765756cc3d10>, <snowplow_tracker.self_describing_json.SelfDescribingJson object at 0x765756cca910>]}


============================== 16:34:17.002256 | 64fce9d4-282a-47ad-afc9-7e1ab600f1c2 ==============================
[0m16:34:17.002256 [info ] [MainThread]: Running with dbt=1.11.7
[0m16:34:17.004973 [debug] [MainThread]: running dbt with arguments {'fail_fast': 'False', 'cache_selected_only': 'False', 'use_colors': 'True', 'write_json': 'True', 'indirect_selection': 'eager', 'profiles_dir': '/home/vscode/.dbt', 'invocation_command': 'dbt init twitter_sentiment_trading', 'send_anonymous_usage_stats': 'True', 'log_cache_events': 'False', 'partial_parse': 'True', 'empty': 'None', 'static_parser': 'True', 'log_path': 'logs', 'warn_error': 'None', 'target_path': 'None', 'quiet': 'False', 'use_experimental_parser': 'False', 'introspect': 'True', 'printer_width': '80', 'warn_error_options': 'WarnErrorOptionsV2(error=[], warn=[], silence=[])', 'no_print': 'None', 'version_check': 'True', 'log_format': 'default', 'debug': 'False'}
[0m16:34:17.096391 [info ] [MainThread]: Creating dbt configuration folder at /home/vscode/.dbt
[0m16:34:17.101006 [debug] [MainThread]: Starter project path: /home/vscode/.cache/pypoetry/virtualenvs/twitter-sentiment-trading-strategy-QyUpulx_-py3.11/lib/python3.11/site-packages/dbt/include/starter_project
[0m16:34:17.280367 [info ] [MainThread]: 
Your new dbt project "twitter_sentiment_trading" was created!

For more information on how to configure the profiles.yml file,
please consult the dbt documentation here:

  https://docs.getdbt.com/docs/configure-your-profile

One more thing:

Need help? Don't hesitate to reach out to us via GitHub issues or on Slack:

  https://community.getdbt.com/

Happy modeling!

[0m16:34:17.281627 [info ] [MainThread]: Setting up your profile.
[0m16:34:26.548053 [info ] [MainThread]: Profile twitter_sentiment_trading written to /home/vscode/.dbt/profiles.yml using target's sample configuration. Once updated, you'll be able to start developing with dbt.
[0m16:34:26.551759 [debug] [MainThread]: Resource report: {"command_name": "init", "command_success": true, "command_wall_clock_time": 9.708164, "process_in_blocks": "177880", "process_kernel_time": 1.095845, "process_mem_max_rss": "142188", "process_out_blocks": "34088", "process_user_time": 3.39791}
[0m16:34:26.553470 [debug] [MainThread]: Command `dbt init` succeeded at 16:34:26.553321 after 9.71 seconds
[0m16:34:26.555094 [debug] [MainThread]: Sending event: {'category': 'dbt', 'action': 'invocation', 'label': 'end', 'context': [<snowplow_tracker.self_describing_json.SelfDescribingJson object at 0x765756c99790>, <snowplow_tracker.self_describing_json.SelfDescribingJson object at 0x765756e68850>, <snowplow_tracker.self_describing_json.SelfDescribingJson object at 0x765756fbda10>]}
[0m16:34:26.556756 [debug] [MainThread]: Flushing usage events
[0m16:34:26.962867 [debug] [MainThread]: An error was encountered while trying to flush usage events
[0m17:04:35.961794 [debug] [MainThread]: Sending event: {'category': 'dbt', 'action': 'invocation', 'label': 'start', 'context': [<snowplow_tracker.self_describing_json.SelfDescribingJson object at 0x7c847be7b390>, <snowplow_tracker.self_describing_json.SelfDescribingJson object at 0x7c8478f1d190>, <snowplow_tracker.self_describing_json.SelfDescribingJson object at 0x7c8478d7b6d0>]}


============================== 17:04:35.973022 | 96929eec-33f5-47b7-a652-dace9605c2f9 ==============================
[0m17:04:35.973022 [info ] [MainThread]: Running with dbt=1.11.7
[0m17:04:35.975014 [debug] [MainThread]: running dbt with arguments {'cache_selected_only': 'False', 'send_anonymous_usage_stats': 'True', 'partial_parse': 'True', 'introspect': 'True', 'target_path': 'None', 'profiles_dir': '/home/vscode/.dbt', 'warn_error_options': 'WarnErrorOptionsV2(error=[], warn=[], silence=[])', 'use_colors': 'True', 'printer_width': '80', 'warn_error': 'None', 'use_experimental_parser': 'False', 'log_format': 'default', 'static_parser': 'True', 'no_print': 'None', 'write_json': 'True', 'invocation_command': 'dbt debug', 'fail_fast': 'False', 'log_cache_events': 'False', 'empty': 'None', 'version_check': 'True', 'debug': 'False', 'quiet': 'False', 'log_path': 'logs', 'indirect_selection': 'eager'}
[0m17:04:36.008087 [info ] [MainThread]: dbt version: 1.11.7
[0m17:04:36.011761 [info ] [MainThread]: python version: 3.11.15
[0m17:04:36.014753 [info ] [MainThread]: python path: /home/vscode/.cache/pypoetry/virtualenvs/twitter-sentiment-trading-strategy-QyUpulx_-py3.11/bin/python
[0m17:04:36.016155 [info ] [MainThread]: os info: Linux-6.6.87.2-microsoft-standard-WSL2-x86_64-with-glibc2.41
[0m17:04:36.384655 [info ] [MainThread]: Using profiles dir at /home/vscode/.dbt
[0m17:04:36.386386 [info ] [MainThread]: Using profiles.yml file at /home/vscode/.dbt/profiles.yml
[0m17:04:36.387824 [info ] [MainThread]: Using dbt_project.yml file at /workspaces/Twitter-Sentiment-Trading-Strategy/transform/dbt_project.yml
[0m17:04:36.392836 [info ] [MainThread]: adapter type: duckdb
[0m17:04:36.394576 [info ] [MainThread]: adapter version: 1.10.1
[0m17:04:36.398155 [info ] [MainThread]: Configuration:
[0m17:04:36.401492 [info ] [MainThread]:   profiles.yml file [[32mOK found and valid[0m]
[0m17:04:36.406577 [info ] [MainThread]:   dbt_project.yml file [[31mERROR not found[0m]
[0m17:04:36.411906 [info ] [MainThread]: Required dependencies:
[0m17:04:36.413979 [debug] [MainThread]: Executing "git --help"
[0m17:04:36.421167 [debug] [MainThread]: STDOUT: "b"usage: git [-v | --version] [-h | --help] [-C <path>] [-c <name>=<value>]\n           [--exec-path[=<path>]] [--html-path] [--man-path] [--info-path]\n           [-p | --paginate | -P | --no-pager] [--no-replace-objects] [--no-lazy-fetch]\n           [--no-optional-locks] [--no-advice] [--bare] [--git-dir=<path>]\n           [--work-tree=<path>] [--namespace=<name>] [--config-env=<name>=<envvar>]\n           <command> [<args>]\n\nThese are common Git commands used in various situations:\n\nstart a working area (see also: git help tutorial)\n   clone      Clone a repository into a new directory\n   init       Create an empty Git repository or reinitialize an existing one\n\nwork on the current change (see also: git help everyday)\n   add        Add file contents to the index\n   mv         Move or rename a file, a directory, or a symlink\n   restore    Restore working tree files\n   rm         Remove files from the working tree and from the index\n\nexamine the history and state (see also: git help revisions)\n   bisect     Use binary search to find the commit that introduced a bug\n   diff       Show changes between commits, commit and working tree, etc\n   grep       Print lines matching a pattern\n   log        Show commit logs\n   show       Show various types of objects\n   status     Show the working tree status\n\ngrow, mark and tweak your common history\n   backfill   Download missing objects in a partial clone\n   branch     List, create, or delete branches\n   commit     Record changes to the repository\n   merge      Join two or more development histories together\n   rebase     Reapply commits on top of another base tip\n   reset      Set `HEAD` or the index to a known state\n   switch     Switch branches\n   tag        Create, list, delete or verify tags\n\ncollaborate (see also: git help workflows)\n   fetch      Download objects and refs from another repository\n   pull       Fetch from and integrate with another repository or a local branch\n   push       Update remote refs along with associated objects\n\n'git help -a' and 'git help -g' list available subcommands and some\nconcept guides. See 'git help <command>' or 'git help <concept>'\nto read about a specific subcommand or concept.\nSee 'git help git' for an overview of the system.\n""
[0m17:04:36.423501 [debug] [MainThread]: STDERR: "b''"
[0m17:04:36.426178 [info ] [MainThread]:  - git [[32mOK found[0m]

[0m17:04:36.427905 [info ] [MainThread]: Connection:
[0m17:04:36.432530 [info ] [MainThread]:   database: dev
[0m17:04:36.435331 [info ] [MainThread]:   schema: main
[0m17:04:36.437982 [info ] [MainThread]:   path: dev.duckdb
[0m17:04:36.440163 [info ] [MainThread]:   config_options: None
[0m17:04:36.442367 [info ] [MainThread]:   extensions: None
[0m17:04:36.445281 [info ] [MainThread]:   settings: {}
[0m17:04:36.449262 [info ] [MainThread]:   external_root: .
[0m17:04:36.455213 [info ] [MainThread]:   use_credential_provider: None
[0m17:04:36.457447 [info ] [MainThread]:   attach: None
[0m17:04:36.461206 [info ] [MainThread]:   filesystems: None
[0m17:04:36.463956 [info ] [MainThread]:   remote: None
[0m17:04:36.466287 [info ] [MainThread]:   plugins: None
[0m17:04:36.469533 [info ] [MainThread]:   disable_transactions: False
[0m17:04:36.481018 [info ] [MainThread]: Registered adapter: duckdb=1.10.1
[0m17:04:36.652614 [debug] [MainThread]: Acquiring new duckdb connection 'debug'
[0m17:04:36.727994 [debug] [MainThread]: Using duckdb connection "debug"
[0m17:04:36.730757 [debug] [MainThread]: On debug: select 1 as id
[0m17:04:36.733094 [debug] [MainThread]: Opening a new connection, currently in state init
[0m17:04:36.777284 [debug] [MainThread]: SQL status: OK in 0.044 seconds
[0m17:04:36.780030 [debug] [MainThread]: On debug: Close
[0m17:04:36.781863 [info ] [MainThread]:   Connection test: [[32mOK connection ok[0m]

[0m17:04:36.783391 [info ] [MainThread]: [31m1 check failed:[0m
[0m17:04:36.784745 [info ] [MainThread]: Project loading failed for the following reason:
 project path </workspaces/Twitter-Sentiment-Trading-Strategy/transform/dbt_project.yml> not found

[0m17:04:36.787479 [debug] [MainThread]: Resource report: {"command_name": "debug", "command_success": false, "command_wall_clock_time": 0.8981289, "process_in_blocks": "188480", "process_kernel_time": 0.888949, "process_mem_max_rss": "146444", "process_out_blocks": "360", "process_user_time": 2.517344}
[0m17:04:36.789026 [debug] [MainThread]: Command `dbt debug` failed at 17:04:36.788892 after 0.90 seconds
[0m17:04:36.790616 [debug] [MainThread]: Connection 'debug' was properly closed.
[0m17:04:36.792657 [debug] [MainThread]: Sending event: {'category': 'dbt', 'action': 'invocation', 'label': 'end', 'context': [<snowplow_tracker.self_describing_json.SelfDescribingJson object at 0x7c8478ca3c90>, <snowplow_tracker.self_describing_json.SelfDescribingJson object at 0x7c847d730f10>, <snowplow_tracker.self_describing_json.SelfDescribingJson object at 0x7c8478c94110>]}
[0m17:04:36.794327 [debug] [MainThread]: Flushing usage events
[0m17:04:37.206234 [debug] [MainThread]: An error was encountered while trying to flush usage events
